<?xml version="1.0" encoding="utf-8"?><testsuites name="pytest tests"><testsuite name="pytest" errors="0" failures="0" skipped="0" tests="17" time="0.388" timestamp="2025-10-23T23:54:53.824439+03:00" hostname="n2d"><testcase classname="unittests.TestTravelPlanner" name="test_load_pois_empty_file" time="0.002" /><testcase classname="unittests.TestTravelPlanner" name="test_load_pois_with_data" time="0.002" /><testcase classname="unittests.TestTravelPlanner" name="test_save_pois" time="0.002" /><testcase classname="unittests.TestTravelPlanner" name="test_poi_validation_valid_data" time="0.001" /><testcase classname="unittests.TestTravelPlanner" name="test_poi_validation_invalid_lat" time="0.002" /><testcase classname="unittests.TestTravelPlanner" name="test_poi_validation_invalid_lon" time="0.002" /><testcase classname="unittests.TestPOIEndpoints" name="test_create_poi_success" time="0.013" /><testcase classname="unittests.TestPOIEndpoints" name="test_create_poi_duplicate_name" time="0.007" /><testcase classname="unittests.TestPOIEndpoints" name="test_list_pois" time="0.006" /><testcase classname="unittests.TestPOIEndpoints" name="test_delete_poi_success" time="0.009" /><testcase classname="unittests.TestPOIEndpoints" name="test_delete_poi_not_found" time="0.004" /><testcase classname="unittests.TestGeocodeEndpoint" name="test_geocode_success" time="0.004" /><testcase classname="unittests.TestGeocodeEndpoint" name="test_geocode_error" time="0.003" /><testcase classname="unittests.TestRouteEndpoint" name="test_route_success" time="0.003" /><testcase classname="unittests.TestRouteEndpoint" name="test_route_invalid_coordinates" time="0.002" /><testcase classname="unittests.TestEdgeCases" name="test_create_poi_with_special_characters" time="0.004" /><testcase classname="unittests.TestEdgeCases" name="test_create_poi_empty_tags" time="0.004" /></testsuite></testsuites>